// Jest Snapshot v1, https://goo.gl/fbAQLP

exports[`matches snapshot 1`] = `
Object {
  "asFragment": [Function],
  "baseElement": <body>
    <div>
      <select
        aria-label="damage type selection"
        class="form-select"
      >
        <option
          value="cr"
        >
          cr
        </option>
        <option
          value="cut"
        >
          cut
        </option>
        <option
          value="imp"
        >
          imp
        </option>
        <option
          value="pi"
        >
          pi
        </option>
        <option
          value="pi+"
        >
          pi+
        </option>
        <option
          value="pi++"
        >
          pi++
        </option>
        <option
          value="pi-"
        >
          pi-
        </option>
        <option
          value="burn"
        >
          burn
        </option>
        <option
          value="cor"
        >
          cor
        </option>
        <option
          value="fat"
        >
          fat
        </option>
        <option
          value="tox"
        >
          tox
        </option>
      </select>
    </div>
  </body>,
  "container": <div>
    <select
      aria-label="damage type selection"
      class="form-select"
    >
      <option
        value="cr"
      >
        cr
      </option>
      <option
        value="cut"
      >
        cut
      </option>
      <option
        value="imp"
      >
        imp
      </option>
      <option
        value="pi"
      >
        pi
      </option>
      <option
        value="pi+"
      >
        pi+
      </option>
      <option
        value="pi++"
      >
        pi++
      </option>
      <option
        value="pi-"
      >
        pi-
      </option>
      <option
        value="burn"
      >
        burn
      </option>
      <option
        value="cor"
      >
        cor
      </option>
      <option
        value="fat"
      >
        fat
      </option>
      <option
        value="tox"
      >
        tox
      </option>
    </select>
  </div>,
  "debug": [Function],
  "findAllByAltText": [Function],
  "findAllByDisplayValue": [Function],
  "findAllByLabelText": [Function],
  "findAllByPlaceholderText": [Function],
  "findAllByRole": [Function],
  "findAllByTestId": [Function],
  "findAllByText": [Function],
  "findAllByTitle": [Function],
  "findByAltText": [Function],
  "findByDisplayValue": [Function],
  "findByLabelText": [Function],
  "findByPlaceholderText": [Function],
  "findByRole": [Function],
  "findByTestId": [Function],
  "findByText": [Function],
  "findByTitle": [Function],
  "getAllByAltText": [Function],
  "getAllByDisplayValue": [Function],
  "getAllByLabelText": [Function],
  "getAllByPlaceholderText": [Function],
  "getAllByRole": [Function],
  "getAllByTestId": [Function],
  "getAllByText": [Function],
  "getAllByTitle": [Function],
  "getByAltText": [Function],
  "getByDisplayValue": [Function],
  "getByLabelText": [Function],
  "getByPlaceholderText": [Function],
  "getByRole": [Function],
  "getByTestId": [Function],
  "getByText": [Function],
  "getByTitle": [Function],
  "queryAllByAltText": [Function],
  "queryAllByDisplayValue": [Function],
  "queryAllByLabelText": [Function],
  "queryAllByPlaceholderText": [Function],
  "queryAllByRole": [Function],
  "queryAllByTestId": [Function],
  "queryAllByText": [Function],
  "queryAllByTitle": [Function],
  "queryByAltText": [Function],
  "queryByDisplayValue": [Function],
  "queryByLabelText": [Function],
  "queryByPlaceholderText": [Function],
  "queryByRole": [Function],
  "queryByTestId": [Function],
  "queryByText": [Function],
  "queryByTitle": [Function],
  "rerender": [Function],
  "unmount": [Function],
}
`;
