// Jest Snapshot v1, https://goo.gl/fbAQLP

exports[`matches snapshot 1`] = `
Object {
  "asFragment": [Function],
  "baseElement": <body>
    <div>
      <label
        class="col col-form-label d-flex justify-content-center"
        for="dice-trayvalue"
      >
        Damage Value
      </label>
      <div
        class="row m-2"
      >
        <div
          class="col-md-6"
        >
          <input
            aria-label="value for damage calculation"
            class="form-control"
            id="dice-trayvalue"
            type="tet"
            value=""
          />
        </div>
        <div
          class="col-md-6"
        >
          <select
            aria-label="damage type selection"
            class="form-select"
          >
            <option
              value="cr"
            >
              cr
            </option>
            <option
              value="cut"
            >
              cut
            </option>
            <option
              value="imp"
            >
              imp
            </option>
            <option
              value="pi"
            >
              pi
            </option>
            <option
              value="pi+"
            >
              pi+
            </option>
            <option
              value="pi++"
            >
              pi++
            </option>
            <option
              value="pi-"
            >
              pi-
            </option>
            <option
              value="burn"
            >
              burn
            </option>
            <option
              value="cor"
            >
              cor
            </option>
            <option
              value="fat"
            >
              fat
            </option>
            <option
              value="tox"
            >
              tox
            </option>
          </select>
        </div>
      </div>
    </div>
  </body>,
  "container": <div>
    <label
      class="col col-form-label d-flex justify-content-center"
      for="dice-trayvalue"
    >
      Damage Value
    </label>
    <div
      class="row m-2"
    >
      <div
        class="col-md-6"
      >
        <input
          aria-label="value for damage calculation"
          class="form-control"
          id="dice-trayvalue"
          type="tet"
          value=""
        />
      </div>
      <div
        class="col-md-6"
      >
        <select
          aria-label="damage type selection"
          class="form-select"
        >
          <option
            value="cr"
          >
            cr
          </option>
          <option
            value="cut"
          >
            cut
          </option>
          <option
            value="imp"
          >
            imp
          </option>
          <option
            value="pi"
          >
            pi
          </option>
          <option
            value="pi+"
          >
            pi+
          </option>
          <option
            value="pi++"
          >
            pi++
          </option>
          <option
            value="pi-"
          >
            pi-
          </option>
          <option
            value="burn"
          >
            burn
          </option>
          <option
            value="cor"
          >
            cor
          </option>
          <option
            value="fat"
          >
            fat
          </option>
          <option
            value="tox"
          >
            tox
          </option>
        </select>
      </div>
    </div>
  </div>,
  "debug": [Function],
  "findAllByAltText": [Function],
  "findAllByDisplayValue": [Function],
  "findAllByLabelText": [Function],
  "findAllByPlaceholderText": [Function],
  "findAllByRole": [Function],
  "findAllByTestId": [Function],
  "findAllByText": [Function],
  "findAllByTitle": [Function],
  "findByAltText": [Function],
  "findByDisplayValue": [Function],
  "findByLabelText": [Function],
  "findByPlaceholderText": [Function],
  "findByRole": [Function],
  "findByTestId": [Function],
  "findByText": [Function],
  "findByTitle": [Function],
  "getAllByAltText": [Function],
  "getAllByDisplayValue": [Function],
  "getAllByLabelText": [Function],
  "getAllByPlaceholderText": [Function],
  "getAllByRole": [Function],
  "getAllByTestId": [Function],
  "getAllByText": [Function],
  "getAllByTitle": [Function],
  "getByAltText": [Function],
  "getByDisplayValue": [Function],
  "getByLabelText": [Function],
  "getByPlaceholderText": [Function],
  "getByRole": [Function],
  "getByTestId": [Function],
  "getByText": [Function],
  "getByTitle": [Function],
  "queryAllByAltText": [Function],
  "queryAllByDisplayValue": [Function],
  "queryAllByLabelText": [Function],
  "queryAllByPlaceholderText": [Function],
  "queryAllByRole": [Function],
  "queryAllByTestId": [Function],
  "queryAllByText": [Function],
  "queryAllByTitle": [Function],
  "queryByAltText": [Function],
  "queryByDisplayValue": [Function],
  "queryByLabelText": [Function],
  "queryByPlaceholderText": [Function],
  "queryByRole": [Function],
  "queryByTestId": [Function],
  "queryByText": [Function],
  "queryByTitle": [Function],
  "rerender": [Function],
  "unmount": [Function],
}
`;
