// Jest Snapshot v1, https://goo.gl/fbAQLP

exports[`matches snapshot 1`] = `
Object {
  "asFragment": [Function],
  "baseElement": <body>
    <div>
      <label
        class="col col-form-label d-flex justify-content-center"
        for="max-hp"
      >
        HP
      </label>
      <div
        class="d-flex"
      >
        <div>
          <input
            aria-label="current hit points"
            class="form-control"
            id="current-hp"
            type="text"
            value=""
          />
        </div>
        <p
          class="fs-4 mx-2 text-muted"
        >
          /
        </p>
        <div>
          <input
            aria-label="total hit points"
            class="form-control"
            id="max-hp"
            type="text"
            value="0"
          />
        </div>
      </div>
    </div>
  </body>,
  "container": <div>
    <label
      class="col col-form-label d-flex justify-content-center"
      for="max-hp"
    >
      HP
    </label>
    <div
      class="d-flex"
    >
      <div>
        <input
          aria-label="current hit points"
          class="form-control"
          id="current-hp"
          type="text"
          value=""
        />
      </div>
      <p
        class="fs-4 mx-2 text-muted"
      >
        /
      </p>
      <div>
        <input
          aria-label="total hit points"
          class="form-control"
          id="max-hp"
          type="text"
          value="0"
        />
      </div>
    </div>
  </div>,
  "debug": [Function],
  "findAllByAltText": [Function],
  "findAllByDisplayValue": [Function],
  "findAllByLabelText": [Function],
  "findAllByPlaceholderText": [Function],
  "findAllByRole": [Function],
  "findAllByTestId": [Function],
  "findAllByText": [Function],
  "findAllByTitle": [Function],
  "findByAltText": [Function],
  "findByDisplayValue": [Function],
  "findByLabelText": [Function],
  "findByPlaceholderText": [Function],
  "findByRole": [Function],
  "findByTestId": [Function],
  "findByText": [Function],
  "findByTitle": [Function],
  "getAllByAltText": [Function],
  "getAllByDisplayValue": [Function],
  "getAllByLabelText": [Function],
  "getAllByPlaceholderText": [Function],
  "getAllByRole": [Function],
  "getAllByTestId": [Function],
  "getAllByText": [Function],
  "getAllByTitle": [Function],
  "getByAltText": [Function],
  "getByDisplayValue": [Function],
  "getByLabelText": [Function],
  "getByPlaceholderText": [Function],
  "getByRole": [Function],
  "getByTestId": [Function],
  "getByText": [Function],
  "getByTitle": [Function],
  "queryAllByAltText": [Function],
  "queryAllByDisplayValue": [Function],
  "queryAllByLabelText": [Function],
  "queryAllByPlaceholderText": [Function],
  "queryAllByRole": [Function],
  "queryAllByTestId": [Function],
  "queryAllByText": [Function],
  "queryAllByTitle": [Function],
  "queryByAltText": [Function],
  "queryByDisplayValue": [Function],
  "queryByLabelText": [Function],
  "queryByPlaceholderText": [Function],
  "queryByRole": [Function],
  "queryByTestId": [Function],
  "queryByText": [Function],
  "queryByTitle": [Function],
  "rerender": [Function],
  "unmount": [Function],
}
`;
